Uncaught Exception: Error: listen EADDRINUSE: address already in use :::5000
    at Server.setupListenHandle [as _listen2] (node:net:1872:16)
    at listenInCluster (node:net:1920:12)
    at Server.listen (node:net:2008:7)
    at Function.listen (D:\EmosqReact\master\new master\react-emosque\node_modules\express\lib\application.js:635:24)
    at Object.<anonymous> (D:\EmosqReact\master\new master\react-emosque\server\server.js:51:5)
    at Module._compile (node:internal/modules/cjs/loader:1233:14)
    at Module._extensions..js (node:internal/modules/cjs/loader:1287:10)
    at Module.load (node:internal/modules/cjs/loader:1091:32)
    at Module._load (node:internal/modules/cjs/loader:938:12)
    at Function.executeUserEntryPoint [as runMain] (node:internal/modules/run_main:83:12)
Uncaught Exception: Error: listen EADDRINUSE: address already in use :::5000
    at Server.setupListenHandle [as _listen2] (node:net:1872:16)
    at listenInCluster (node:net:1920:12)
    at Server.listen (node:net:2008:7)
    at Function.listen (D:\EmosqReact\master\new master\react-emosque\node_modules\express\lib\application.js:635:24)
    at Object.<anonymous> (D:\EmosqReact\master\new master\react-emosque\server\server.js:51:5)
    at Module._compile (node:internal/modules/cjs/loader:1233:14)
    at Module._extensions..js (node:internal/modules/cjs/loader:1287:10)
    at Module.load (node:internal/modules/cjs/loader:1091:32)
    at Module._load (node:internal/modules/cjs/loader:938:12)
    at Function.executeUserEntryPoint [as runMain] (node:internal/modules/run_main:83:12)
Uncaught unhandledRejection : TypeError: Cannot read properties of undefined (reading 'split')
    at HadeethReader (D:\EmosqReact\master\new master\my branch\react-emosque\server\controllers\Hadeeth\HadeethHandler.js:24:44)
    at process.processTicksAndRejections (node:internal/process/task_queues:95:5)
Uncaught Exception: Error: listen EADDRINUSE: address already in use :::5000
    at Server.setupListenHandle [as _listen2] (node:net:1872:16)
    at listenInCluster (node:net:1920:12)
    at Server.listen (node:net:2008:7)
    at Function.listen (D:\EmosqReact\master\new master\orginal\react-emosque\node_modules\express\lib\application.js:635:24)
    at Object.<anonymous> (D:\EmosqReact\master\new master\orginal\react-emosque\server\server.js:51:5)
    at Module._compile (node:internal/modules/cjs/loader:1233:14)
    at Module._extensions..js (node:internal/modules/cjs/loader:1287:10)
    at Module.load (node:internal/modules/cjs/loader:1091:32)
    at Module._load (node:internal/modules/cjs/loader:938:12)
    at Function.executeUserEntryPoint [as runMain] (node:internal/modules/run_main:83:12)
Uncaught Exception: Error: listen EADDRINUSE: address already in use :::5000
    at Server.setupListenHandle [as _listen2] (node:net:1872:16)
    at listenInCluster (node:net:1920:12)
    at Server.listen (node:net:2008:7)
    at Function.listen (D:\EmosqReact\master\new master\orginal\react-emosque\node_modules\express\lib\application.js:635:24)
    at Object.<anonymous> (D:\EmosqReact\master\new master\orginal\react-emosque\server\server.js:51:5)
    at Module._compile (node:internal/modules/cjs/loader:1233:14)
    at Module._extensions..js (node:internal/modules/cjs/loader:1287:10)
    at Module.load (node:internal/modules/cjs/loader:1091:32)
    at Module._load (node:internal/modules/cjs/loader:938:12)
    at Function.executeUserEntryPoint [as runMain] (node:internal/modules/run_main:83:12)
Uncaught Exception: Error: listen EADDRINUSE: address already in use :::5000
    at Server.setupListenHandle [as _listen2] (node:net:1872:16)
    at listenInCluster (node:net:1920:12)
    at Server.listen (node:net:2008:7)
    at Function.listen (D:\EmosqReact\master\new master\orginal\react-emosque\node_modules\express\lib\application.js:635:24)
    at Object.<anonymous> (D:\EmosqReact\master\new master\orginal\react-emosque\server\server.js:51:5)
    at Module._compile (node:internal/modules/cjs/loader:1233:14)
    at Module._extensions..js (node:internal/modules/cjs/loader:1287:10)
    at Module.load (node:internal/modules/cjs/loader:1091:32)
    at Module._load (node:internal/modules/cjs/loader:938:12)
    at Function.executeUserEntryPoint [as runMain] (node:internal/modules/run_main:83:12)
Uncaught Exception: Error: listen EADDRINUSE: address already in use :::5000
    at Server.setupListenHandle [as _listen2] (node:net:1872:16)
    at listenInCluster (node:net:1920:12)
    at Server.listen (node:net:2008:7)
    at Function.listen (D:\EmosqReact\master\new master\orginal\react-emosque\node_modules\express\lib\application.js:635:24)
    at Object.<anonymous> (D:\EmosqReact\master\new master\orginal\react-emosque\server\server.js:51:5)
    at Module._compile (node:internal/modules/cjs/loader:1233:14)
    at Module._extensions..js (node:internal/modules/cjs/loader:1287:10)
    at Module.load (node:internal/modules/cjs/loader:1091:32)
    at Module._load (node:internal/modules/cjs/loader:938:12)
    at Function.executeUserEntryPoint [as runMain] (node:internal/modules/run_main:83:12)
Uncaught Exception: Error: listen EADDRINUSE: address already in use :::5000
    at Server.setupListenHandle [as _listen2] (node:net:1872:16)
    at listenInCluster (node:net:1920:12)
    at Server.listen (node:net:2008:7)
    at Function.listen (D:\EmosqReact\master\new master\orginal\react-emosque\node_modules\express\lib\application.js:635:24)
    at Object.<anonymous> (D:\EmosqReact\master\new master\orginal\react-emosque\server\server.js:51:5)
    at Module._compile (node:internal/modules/cjs/loader:1233:14)
    at Module._extensions..js (node:internal/modules/cjs/loader:1287:10)
    at Module.load (node:internal/modules/cjs/loader:1091:32)
    at Module._load (node:internal/modules/cjs/loader:938:12)
    at Function.executeUserEntryPoint [as runMain] (node:internal/modules/run_main:83:12)
Uncaught Exception: Error: listen EADDRINUSE: address already in use :::5000
    at Server.setupListenHandle [as _listen2] (node:net:1872:16)
    at listenInCluster (node:net:1920:12)
    at Server.listen (node:net:2008:7)
    at Function.listen (D:\EmosqReact\master\new master\orginal\react-emosque\node_modules\express\lib\application.js:635:24)
    at Object.<anonymous> (D:\EmosqReact\master\new master\orginal\react-emosque\server\server.js:51:5)
    at Module._compile (node:internal/modules/cjs/loader:1233:14)
    at Module._extensions..js (node:internal/modules/cjs/loader:1287:10)
    at Module.load (node:internal/modules/cjs/loader:1091:32)
    at Module._load (node:internal/modules/cjs/loader:938:12)
    at Function.executeUserEntryPoint [as runMain] (node:internal/modules/run_main:83:12)
Uncaught Exception: Error: listen EADDRINUSE: address already in use :::5000
    at Server.setupListenHandle [as _listen2] (node:net:1872:16)
    at listenInCluster (node:net:1920:12)
    at Server.listen (node:net:2008:7)
    at Function.listen (D:\EmosqReact\master\new master\orginal\react-emosque\node_modules\express\lib\application.js:635:24)
    at Object.<anonymous> (D:\EmosqReact\master\new master\orginal\react-emosque\server\server.js:51:5)
    at Module._compile (node:internal/modules/cjs/loader:1233:14)
    at Module._extensions..js (node:internal/modules/cjs/loader:1287:10)
    at Module.load (node:internal/modules/cjs/loader:1091:32)
    at Module._load (node:internal/modules/cjs/loader:938:12)
    at Function.executeUserEntryPoint [as runMain] (node:internal/modules/run_main:83:12)
Uncaught Exception: Error: listen EADDRINUSE: address already in use :::5000
    at Server.setupListenHandle [as _listen2] (node:net:1872:16)
    at listenInCluster (node:net:1920:12)
    at Server.listen (node:net:2008:7)
    at Function.listen (D:\EmosqReact\master\new master\orginal\react-emosque\node_modules\express\lib\application.js:635:24)
    at Object.<anonymous> (D:\EmosqReact\master\new master\orginal\react-emosque\server\server.js:51:5)
    at Module._compile (node:internal/modules/cjs/loader:1233:14)
    at Module._extensions..js (node:internal/modules/cjs/loader:1287:10)
    at Module.load (node:internal/modules/cjs/loader:1091:32)
    at Module._load (node:internal/modules/cjs/loader:938:12)
    at Function.executeUserEntryPoint [as runMain] (node:internal/modules/run_main:83:12)
Uncaught Exception: Error: listen EADDRINUSE: address already in use :::5000
    at Server.setupListenHandle [as _listen2] (node:net:1872:16)
    at listenInCluster (node:net:1920:12)
    at Server.listen (node:net:2008:7)
    at Function.listen (D:\EmosqReact\master\new master\orginal\react-emosque\node_modules\express\lib\application.js:635:24)
    at Object.<anonymous> (D:\EmosqReact\master\new master\orginal\react-emosque\server\server.js:51:5)
    at Module._compile (node:internal/modules/cjs/loader:1233:14)
    at Module._extensions..js (node:internal/modules/cjs/loader:1287:10)
    at Module.load (node:internal/modules/cjs/loader:1091:32)
    at Module._load (node:internal/modules/cjs/loader:938:12)
    at Function.executeUserEntryPoint [as runMain] (node:internal/modules/run_main:83:12)
Uncaught Exception: Error: listen EADDRINUSE: address already in use :::5000
    at Server.setupListenHandle [as _listen2] (node:net:1872:16)
    at listenInCluster (node:net:1920:12)
    at Server.listen (node:net:2008:7)
    at Function.listen (D:\EmosqReact\master\new master\orginal\react-emosque\node_modules\express\lib\application.js:635:24)
    at Object.<anonymous> (D:\EmosqReact\master\new master\orginal\react-emosque\server\server.js:51:5)
    at Module._compile (node:internal/modules/cjs/loader:1233:14)
    at Module._extensions..js (node:internal/modules/cjs/loader:1287:10)
    at Module.load (node:internal/modules/cjs/loader:1091:32)
    at Module._load (node:internal/modules/cjs/loader:938:12)
    at Function.executeUserEntryPoint [as runMain] (node:internal/modules/run_main:83:12)
Uncaught Exception: Error: listen EADDRINUSE: address already in use :::5000
    at Server.setupListenHandle [as _listen2] (node:net:1872:16)
    at listenInCluster (node:net:1920:12)
    at Server.listen (node:net:2008:7)
    at Function.listen (D:\EmosqReact\master\new master\orginal\react-emosque\node_modules\express\lib\application.js:635:24)
    at Object.<anonymous> (D:\EmosqReact\master\new master\orginal\react-emosque\server\server.js:51:5)
    at Module._compile (node:internal/modules/cjs/loader:1233:14)
    at Module._extensions..js (node:internal/modules/cjs/loader:1287:10)
    at Module.load (node:internal/modules/cjs/loader:1091:32)
    at Module._load (node:internal/modules/cjs/loader:938:12)
    at Function.executeUserEntryPoint [as runMain] (node:internal/modules/run_main:83:12)
Uncaught Exception: Error: listen EADDRINUSE: address already in use :::5000
    at Server.setupListenHandle [as _listen2] (node:net:1872:16)
    at listenInCluster (node:net:1920:12)
    at Server.listen (node:net:2008:7)
    at Function.listen (D:\EmosqReact\master\new master\orginal\react-emosque\node_modules\express\lib\application.js:635:24)
    at Object.<anonymous> (D:\EmosqReact\master\new master\orginal\react-emosque\server\server.js:51:5)
    at Module._compile (node:internal/modules/cjs/loader:1233:14)
    at Module._extensions..js (node:internal/modules/cjs/loader:1287:10)
    at Module.load (node:internal/modules/cjs/loader:1091:32)
    at Module._load (node:internal/modules/cjs/loader:938:12)
    at Function.executeUserEntryPoint [as runMain] (node:internal/modules/run_main:83:12)
Uncaught Exception: Error: listen EADDRINUSE: address already in use :::5000
    at Server.setupListenHandle [as _listen2] (node:net:1872:16)
    at listenInCluster (node:net:1920:12)
    at Server.listen (node:net:2008:7)
    at Function.listen (D:\EmosqReact\master\new master\orginal\react-emosque\node_modules\express\lib\application.js:635:24)
    at Object.<anonymous> (D:\EmosqReact\master\new master\orginal\react-emosque\server\server.js:51:5)
    at Module._compile (node:internal/modules/cjs/loader:1233:14)
    at Module._extensions..js (node:internal/modules/cjs/loader:1287:10)
    at Module.load (node:internal/modules/cjs/loader:1091:32)
    at Module._load (node:internal/modules/cjs/loader:938:12)
    at Function.executeUserEntryPoint [as runMain] (node:internal/modules/run_main:83:12)
